// Jest Snapshot v1, https://goo.gl/fbAQLP

exports[`Animate LinearMovement 1`] = `
Array [
  Array [
    100,
  ],
  Array [
    200,
  ],
  Array [
    300,
  ],
  Array [
    400,
  ],
  Array [
    500,
  ],
  Array [
    600,
  ],
  Array [
    700,
  ],
  Array [
    800,
  ],
  Array [
    900,
  ],
  Array [
    1000,
  ],
]
`;

exports[`Animate LinearMovement 2`] = `
Array [
  Array [
    28.391015278413054,
    26.934301196954593,
  ],
  Array [
    46.7820305568261,
    43.868602393909185,
  ],
  Array [
    65.17304583523915,
    60.80290359086378,
  ],
  Array [
    83.5640611136522,
    77.73720478781837,
  ],
  Array [
    101.95507639206525,
    94.67150598477296,
  ],
  Array [
    120.3460916704783,
    111.60580718172756,
  ],
  Array [
    138.73710694889135,
    128.54010837868213,
  ],
  Array [
    157.1281222273044,
    145.4744095756367,
  ],
  Array [
    175.51913750571745,
    162.4087107725913,
  ],
  Array [
    193.9101527841305,
    179.3430119695459,
  ],
  Array [
    212.30116806254355,
    196.27731316650048,
  ],
  Array [
    230.6921833409566,
    213.21161436345506,
  ],
  Array [
    249.08319861936965,
    230.14591556040966,
  ],
  Array [
    267.4742138977827,
    247.08021675736427,
  ],
  Array [
    285.8652291761958,
    264.0145179543189,
  ],
  Array [
    304.2562444546088,
    280.9488191512735,
  ],
  Array [
    322.6472597330219,
    297.8831203482281,
  ],
  Array [
    341.03827501143496,
    314.8174215451827,
  ],
  Array [
    359.42929028984804,
    331.7517227421373,
  ],
  Array [
    377.8203055682611,
    348.6860239390919,
  ],
  Array [
    396.21132084667414,
    365.6203251360465,
  ],
  Array [
    414,
    382,
  ],
]
`;

exports[`Animate PhysicalAcceleration 1`] = `
Array [
  0.625,
  1.875,
  3.75,
  6.25,
  9.375,
  13.125,
  17.5,
  22.5,
  28.125,
  34.375,
  41.25,
  48.75,
  56.875,
  65.625,
  75,
  85,
  95.625,
  106.875,
  118.75,
  131.25,
  144.375,
  158.125,
  172.5,
  187.5,
  203.125,
  219.375,
  236.25,
  253.75,
  271.875,
  290.625,
  310,
  330,
  350.625,
  371.875,
  393.75,
  416.25,
  439.375,
  463.125,
  487.5,
  511.25,
  534.375,
  556.875,
  578.75,
  600,
  620.625,
  640.625,
  660,
  678.75,
  696.875,
  714.375,
  731.25,
  748.125,
  764.375,
  780,
  795,
  809.375,
  823.125,
  836.25,
  848.75,
  861.25,
  873.125,
  884.375,
  895,
  905,
  914.375,
  923.125,
  931.875,
  940,
  947.5,
  954.375,
  960.625,
  966.25,
  971.875,
  976.875,
  981.25,
  985,
  988.125,
  991.25,
  993.75,
  995.625,
  996.875,
  998.125,
  998.75,
  1000,
]
`;

exports[`Animate PhysicalAcceleration 2`] = `
Array [
  Array [
    10.459775381960327,
    10.423357529923864,
  ],
  Array [
    11.37932614588098,
    11.270072589771594,
  ],
  Array [
    12.758652291761958,
    12.540145179543188,
  ],
  Array [
    14.597753819603263,
    14.233575299238648,
  ],
  Array [
    16.896630729404894,
    16.35036294885797,
  ],
  Array [
    19.655283021166852,
    18.89050812840116,
  ],
  Array [
    22.873710694889137,
    21.854010837868213,
  ],
  Array [
    26.55191375057175,
    25.24087107725913,
  ],
  Array [
    29.751136777610988,
    29.029232415229856,
  ],
  Array [
    32.46795936336484,
    33.214978723031685,
  ],
  Array [
    34.69898988900345,
    37.79395660933274,
  ],
  Array [
    36.44085920668539,
    42.7619670297879,
  ],
  Array [
    37.69021448811896,
    48.11475650905258,
  ],
  Array [
    38.443713198006975,
    53.848007892395835,
  ],
  Array [
    38.698017148354054,
    59.95733053500635,
  ],
  Array [
    38.44978659150382,
    66.43824982598167,
  ],
  Array [
    37.69567431115659,
    73.28619593046207,
  ],
  Array [
    36.432319671583784,
    80.49649161693532,
  ],
  Array [
    34.65634258589664,
    88.06433901678685,
  ],
  Array [
    32.364337364653274,
    95.98480513893537,
  ],
  Array [
    29.552866406440184,
    104.25280593290026,
  ],
  Array [
    26.218453692527127,
    112.8630886576553,
  ],
  Array [
    22.357578048529238,
    121.81021226954623,
  ],
  Array [
    17.96666613758726,
    131.0885254883453,
  ],
  Array [
    13.042085152432469,
    140.69214213354633,
  ],
  Array [
    7.580135178621194,
    150.6149132398321,
  ],
  Array [
    1.5770412093582795,
    160.85039535677572,
  ],
  Array [
    -4.971055194611845,
    171.3918143073357,
  ],
  Array [
    -12.06810458603649,
    182.23202351470596,
  ],
  Array [
    -19.718158607273793,
    192.7810096470877,
  ],
  Array [
    -27.924700352950715,
    203.045484949187,
  ],
  Array [
    -36.690994464146755,
    213.03192735881535,
  ],
  Array [
    -46.02009480316004,
    222.7465717737305,
  ],
  Array [
    -55.91485140518942,
    232.19540047784082,
  ],
  Array [
    -66.3779165473397,
    241.38413227073218,
  ],
  Array [
    -77.41174974432596,
    250.31820973403393,
  ],
  Array [
    -89.01862143247664,
    259.0027839155055,
  ],
  Array [
    -101.20061503166212,
    267.44269549777636,
  ],
  Array [
    -113.95962696691551,
    275.6424512143236,
  ],
  Array [
    -127.29736406898806,
    283.6061938352805,
  ],
  Array [
    -141.21533752496777,
    291.3376633979536,
  ],
  Array [
    -155.7148521639893,
    298.84014638367006,
  ],
  Array [
    -170.79698924737676,
    306.1164080456324,
  ],
  Array [
    -186.46257992131288,
    313.1686007278678,
  ],
  Array [
    -201.5441764203934,
    319.9981371644357,
  ],
  Array [
    -216.04072031755098,
    326.6078135250845,
  ],
  Array [
    -229.9509979800969,
    333.00088678752303,
  ],
  Array [
    -243.2736140064713,
    339.181171889172,
  ],
  Array [
    -256.0069601548472,
    345.15316390192055,
  ],
  Array [
    -268.14917943628706,
    350.92219279687106,
  ],
  Array [
    -279.6981254744254,
    356.49462093194876,
  ],
  Array [
    -290.65131815346916,
    361.8780968637382,
  ],
  Array [
    -302.20312325765684,
    367.08188371833245,
  ],
  Array [
    -313.1540914171508,
    372.1135660526749,
  ],
  Array [
    -323.5009670543857,
    376.984944848221,
  ],
  Array [
    -333.2399412026255,
    381.7111314274551,
  ],
  Array [
    -342.36665391463555,
    386.31177544933973,
  ],
  Array [
    -350.87635003060046,
    390.8128427660927,
  ],
  Array [
    -358.76440628299383,
    395.2491885252407,
  ],
  Array [
    -366.02770325019117,
    399.66818967250657,
  ],
  Array [
    -372.66778970128,
    404.0399292856058,
  ],
  Array [
    -378.6966690586165,
    408.28108984775594,
  ],
  Array [
    -384.14397470851566,
    412.29334645009413,
  ],
  Array [
    -389.0617709835999,
    415.97357169550486,
  ],
  Array [
    -393.5222939855004,
    419.22773807921703,
  ],
  Array [
    -397.60922533178774,
    421.980851297231,
  ],
  Array [
    -401.4085074029859,
    424.17909255295035,
  ],
  Array [
    -405.00318435003015,
    425.786773275642,
  ],
  Array [
    -408.4725407689439,
    426.7821470775586,
  ],
  Array [
    -411.8940013556143,
    427.1543587904054,
  ],
  Array [
    -415.284506012988,
    426.9023375896364,
  ],
  Array [
    -418.5629446848414,
    426.03544549600497,
  ],
  Array [
    -421.6485026292428,
    424.57406032001046,
  ],
  Array [
    -424.46112689555747,
    422.5504187902358,
  ],
  Array [
    -426.9223880845545,
    420.0098933393553,
  ],
  Array [
    -428.9570189964903,
    417.0126276924172,
  ],
  Array [
    -430.49548285129714,
    413.6353051399769,
  ],
  Array [
    -431.4779335872102,
    410.54341981639436,
  ],
  Array [
    -431.87037724492086,
    407.6577301466726,
  ],
  Array [
    -431.6507401255132,
    404.89846089572194,
  ],
  Array [
    -430.8074334770104,
    402.1799509195226,
  ],
  Array [
    -429.342009369045,
    399.52139814999384,
  ],
  Array [
    -427.2776379640901,
    397.04141507394354,
  ],
  Array [
    -424.67126097447715,
    394.8726472709752,
  ],
  Array [
    -422.50053607653973,
    393.15202258690834,
  ],
  Array [
    -420.674638880912,
    391.952664490798,
  ],
  Array [
    -419.1160724918417,
    391.3182481968809,
  ],
  Array [
    -417.76126086339906,
    391.27468636687314,
  ],
  Array [
    -416.55594174161416,
    391.83798283206545,
  ],
  Array [
    -415.44760387647233,
    393.0187091603677,
  ],
  Array [
    -414,
    394.8236591860252,
  ],
  Array [
    -414,
    396.6286092116828,
  ],
  Array [
    -414,
    397.8085592373403,
  ],
  Array [
    -414,
    398.98850926299787,
  ],
  Array [
    -414,
    399.5434592886554,
  ],
  Array [
    -414,
    401,
  ],
]
`;
