// Jest Snapshot v1, https://goo.gl/fbAQLP

exports[`CasparCG - Custom transitions FILL 1`] = `
Array [
  Object {
    "x": 0.0022627416997969517,
    "xScale": 0.9915147186257615,
    "y": 0.0022627416997969517,
    "yScale": 0.9915147186257615,
  },
  Object {
    "x": 0.006788225099390855,
    "xScale": 0.9830294372515229,
    "y": 0.006788225099390855,
    "yScale": 0.9830294372515229,
  },
  Object {
    "x": 0.01357645019878171,
    "xScale": 0.9745441558772844,
    "y": 0.01357645019878171,
    "yScale": 0.9745441558772844,
  },
  Object {
    "x": 0.022627416997969517,
    "xScale": 0.9660588745030458,
    "y": 0.022627416997969517,
    "yScale": 0.9660588745030458,
  },
  Object {
    "x": 0.03394112549695428,
    "xScale": 0.9575735931288073,
    "y": 0.03394112549695428,
    "yScale": 0.9575735931288073,
  },
  Object {
    "x": 0.04751757569573599,
    "xScale": 0.9490883117545688,
    "y": 0.04751757569573599,
    "yScale": 0.9490883117545688,
  },
  Object {
    "x": 0.06335676759431466,
    "xScale": 0.9406030303803302,
    "y": 0.06335676759431466,
    "yScale": 0.9406030303803302,
  },
  Object {
    "x": 0.08145870119269027,
    "xScale": 0.9321177490060917,
    "y": 0.08145870119269027,
    "yScale": 0.9321177490060917,
  },
  Object {
    "x": 0.10182337649086284,
    "xScale": 0.9236324676318531,
    "y": 0.10182337649086284,
    "yScale": 0.9236324676318531,
  },
  Object {
    "x": 0.12445079348883237,
    "xScale": 0.9151471862576146,
    "y": 0.12445079348883237,
    "yScale": 0.9151471862576146,
  },
  Object {
    "x": 0.14934095218659885,
    "xScale": 0.9066619048833761,
    "y": 0.14934095218659885,
    "yScale": 0.9066619048833761,
  },
  Object {
    "x": 0.17649385258416228,
    "xScale": 0.8981766235091375,
    "y": 0.17649385258416228,
    "yScale": 0.8981766235091375,
  },
  Object {
    "x": 0.20590949468152264,
    "xScale": 0.889691342134899,
    "y": 0.20590949468152264,
    "yScale": 0.889691342134899,
  },
  Object {
    "x": 0.23758787847867996,
    "xScale": 0.8812060607606604,
    "y": 0.23758787847867996,
    "yScale": 0.8812060607606604,
  },
  Object {
    "x": 0.2670035205760403,
    "xScale": 0.8727207793864219,
    "y": 0.2670035205760403,
    "yScale": 0.8727207793864219,
  },
  Object {
    "x": 0.2941564209736037,
    "xScale": 0.8642354980121834,
    "y": 0.2941564209736037,
    "yScale": 0.8642354980121834,
  },
  Object {
    "x": 0.3190465796713702,
    "xScale": 0.8557502166379448,
    "y": 0.3190465796713702,
    "yScale": 0.8557502166379448,
  },
  Object {
    "x": 0.34393673836913663,
    "xScale": 0.8472649352637063,
    "y": 0.34393673836913663,
    "yScale": 0.8472649352637063,
  },
  Object {
    "x": 0.3665641553671061,
    "xScale": 0.8387796538894677,
    "y": 0.3665641553671061,
    "yScale": 0.8387796538894677,
  },
  Object {
    "x": 0.38692883066527867,
    "xScale": 0.8302943725152292,
    "y": 0.38692883066527867,
    "yScale": 0.8302943725152292,
  },
  Object {
    "x": 0.40503076426365425,
    "xScale": 0.8218090911409907,
    "y": 0.40503076426365425,
    "yScale": 0.8218090911409907,
  },
  Object {
    "x": 0.42086995616223294,
    "xScale": 0.8133238097667521,
    "y": 0.42086995616223294,
    "yScale": 0.8133238097667521,
  },
  Object {
    "x": 0.4367091480608116,
    "xScale": 0.8048385283925136,
    "y": 0.4367091480608116,
    "yScale": 0.8048385283925136,
  },
  Object {
    "x": 0.45028559825959336,
    "xScale": 0.796353247018275,
    "y": 0.45028559825959336,
    "yScale": 0.796353247018275,
  },
  Object {
    "x": 0.46159930675857813,
    "xScale": 0.7878679656440365,
    "y": 0.46159930675857813,
    "yScale": 0.7878679656440365,
  },
  Object {
    "x": 0.47065027355776595,
    "xScale": 0.779382684269798,
    "y": 0.47065027355776595,
    "yScale": 0.779382684269798,
  },
  Object {
    "x": 0.4797012403569538,
    "xScale": 0.7708974028955594,
    "y": 0.4797012403569538,
    "yScale": 0.7708974028955594,
  },
  Object {
    "x": 0.48648946545634464,
    "xScale": 0.7624121215213209,
    "y": 0.48648946545634464,
    "yScale": 0.7624121215213209,
  },
  Object {
    "x": 0.49101494885593855,
    "xScale": 0.7539268401470823,
    "y": 0.49101494885593855,
    "yScale": 0.7539268401470823,
  },
  Object {
    "x": 0.4932776905557355,
    "xScale": 0.7454415587728438,
    "y": 0.4932776905557355,
    "yScale": 0.7454415587728438,
  },
  Object {
    "x": 0.49554043225553246,
    "xScale": 0.7369562773986053,
    "y": 0.49554043225553246,
    "yScale": 0.7369562773986053,
  },
  Object {
    "x": 0.4978031739553294,
    "xScale": 0.7284709960243667,
    "y": 0.4978031739553294,
    "yScale": 0.7284709960243667,
  },
  Object {
    "x": 0.5,
    "xScale": 0.7199857146501282,
    "y": 0.5,
    "yScale": 0.7199857146501282,
  },
  Object {
    "x": 0.5,
    "xScale": 0.7115004332758896,
    "y": 0.5,
    "yScale": 0.7115004332758896,
  },
  Object {
    "x": 0.5,
    "xScale": 0.7030151519016511,
    "y": 0.5,
    "yScale": 0.7030151519016511,
  },
  Object {
    "x": 0.5,
    "xScale": 0.6945298705274126,
    "y": 0.5,
    "yScale": 0.6945298705274126,
  },
  Object {
    "x": 0.5,
    "xScale": 0.686044589153174,
    "y": 0.5,
    "yScale": 0.686044589153174,
  },
  Object {
    "x": 0.5,
    "xScale": 0.6775593077789355,
    "y": 0.5,
    "yScale": 0.6775593077789355,
  },
  Object {
    "x": 0.5,
    "xScale": 0.6690740264046969,
    "y": 0.5,
    "yScale": 0.6690740264046969,
  },
  Object {
    "x": 0.5,
    "xScale": 0.6605887450304584,
    "y": 0.5,
    "yScale": 0.6605887450304584,
  },
  Object {
    "x": 0.5,
    "xScale": 0.6521034636562199,
    "y": 0.5,
    "yScale": 0.6521034636562199,
  },
  Object {
    "x": 0.5,
    "xScale": 0.6436181822819813,
    "y": 0.5,
    "yScale": 0.6436181822819813,
  },
  Object {
    "x": 0.5,
    "xScale": 0.6351329009077428,
    "y": 0.5,
    "yScale": 0.6351329009077428,
  },
  Object {
    "x": 0.5,
    "xScale": 0.6266476195335042,
    "y": 0.5,
    "yScale": 0.6266476195335042,
  },
  Object {
    "x": 0.5,
    "xScale": 0.6181623381592657,
    "y": 0.5,
    "yScale": 0.6181623381592657,
  },
  Object {
    "x": 0.5,
    "xScale": 0.6096770567850271,
    "y": 0.5,
    "yScale": 0.6096770567850271,
  },
  Object {
    "x": 0.5,
    "xScale": 0.6011917754107886,
    "y": 0.5,
    "yScale": 0.6011917754107886,
  },
  Object {
    "x": 0.5,
    "xScale": 0.5927064940365501,
    "y": 0.5,
    "yScale": 0.5927064940365501,
  },
  Object {
    "x": 0.5,
    "xScale": 0.5842212126623115,
    "y": 0.5,
    "yScale": 0.5842212126623115,
  },
  Object {
    "x": 0.5,
    "xScale": 0.575735931288073,
    "y": 0.5,
    "yScale": 0.575735931288073,
  },
  Object {
    "x": 0.5,
    "xScale": 0.5672506499138344,
    "y": 0.5,
    "yScale": 0.5672506499138344,
  },
  Object {
    "x": 0.5,
    "xScale": 0.5587653685395959,
    "y": 0.5,
    "yScale": 0.5587653685395959,
  },
  Object {
    "x": 0.5,
    "xScale": 0.5502800871653574,
    "y": 0.5,
    "yScale": 0.5502800871653574,
  },
  Object {
    "x": 0.5,
    "xScale": 0.5417948057911188,
    "y": 0.5,
    "yScale": 0.5417948057911188,
  },
  Object {
    "x": 0.5,
    "xScale": 0.5333095244168803,
    "y": 0.5,
    "yScale": 0.5333095244168803,
  },
  Object {
    "x": 0.5,
    "xScale": 0.5248242430426417,
    "y": 0.5,
    "yScale": 0.5248242430426417,
  },
  Object {
    "x": 0.5,
    "xScale": 0.5163389616684032,
    "y": 0.5,
    "yScale": 0.5163389616684032,
  },
  Object {
    "x": 0.5,
    "xScale": 0.5078536802941647,
    "y": 0.5,
    "yScale": 0.5078536802941647,
  },
  Object {
    "x": 0.5,
    "xScale": 0.5,
    "y": 0.5,
    "yScale": 0.5,
  },
]
`;
